# Find a path with Dijkstra's algorithm between
# one node to itself where there is an edge.
# Tests that this holds even when there is a weighted edge.

created graph simpleGraph

added node A to simpleGraph

added edge 10.000 from A to A in simpleGraph

path from A to A:
total cost: 0.000