# Find a path with Dijkstra's algorithm when
# both are not in the graph (tests correct path regardless of ordering).

created graph simpleGraph

added node A to simpleGraph
added node B to simpleGraph

added edge 10.000 from A to B in simpleGraph

unknown node C
unknown node D
unknown node D
unknown node C