# Find a path with Dijkstra's algorithm when
# one of the two nodes is not in the graph regardless of ordering.

created graph simpleGraph

added node A to simpleGraph
added node B to simpleGraph

added edge 10.000 from A to B in simpleGraph

unknown node C
unknown node C