# Find a path with Dijkstra's algorithm between
# one node to itself where there is no edge.

created graph simpleGraph

added node A to simpleGraph

path from A to A:
total cost: 0.000
