# Tests that a graph can be created and that five unique nodes can be added to it.

# Create a graph
created graph graph1

# Add five unique nodes
added node n1 to graph1
added node n2 to graph1
added node n3 to graph1
added node n4 to graph1
added node n5 to graph1