# Tests that a graph can be created and
# no nodes are printed since the graph contains no nodes.

# Create a graph
created graph graph1

# Print the nodes of graph1
graph1 contains: